// Jest Snapshot v1, https://goo.gl/fbAQLP

exports[`expect card component length to be one 1`] = `1`;
